{
    "seed": 7998112267436432188,
    "samples": [
        {
            "answererId": 15,
            "name": "E<Ö3\t\u0001_\u0012ý%?A&Ã\u000evCCätj\nH\u0016-\u0011ÔO",
            "sessionId": -4
        },
        {
            "answererId": -1,
            "name": "â_",
            "sessionId": 6
        },
        {
            "answererId": -17,
            "name": "",
            "sessionId": -10
        },
        {
            "answererId": -17,
            "name": "°\u0018\u000b7Vf$",
            "sessionId": 22
        },
        {
            "answererId": 16,
            "name": "\\\u0005¿a\u0001\u0003M\u0019\u0016`Q",
            "sessionId": -10
        }
    ]
}