{
    "seed": -2986429946544573198,
    "samples": [
        {
            "questionerName": "\u0012 KegE\u0016\u000egmD«\u0003\u0012jë"
        },
        {
            "questionerName": "\u001f¨ýF\u0017\u000eX\u0018l\u0018\r[À\u0000ió¡6}'õ."
        },
        {
            "questionerName": "q`¢'$âe\u0002V#î"
        },
        {
            "questionerName": "2ù\u001b \u001a\\jæ'qFi¶@\u000b"
        },
        {
            "questionerName": null
        }
    ]
}