{
    "seed": 5542767282551347628,
    "samples": [
        {
            "loginPassword": "\u0005\u0008,ZE¯Üñr=`\u001bl~-îeèL_",
            "loginName": "a\u0000ý\u000b|_æt$\u001c¹Ô]í"
        },
        {
            "loginPassword": "§Ù\u0013^¦^sH¤Jr\u000b)+k\u000c8ûHD7\u0011\"\u0001\u000e",
            "loginName": ",\u0017S?ê@~,\u0000\u0018¯^Gf"
        },
        {
            "loginPassword": "®%+º",
            "loginName": ""
        },
        {
            "loginPassword": "\u000cO4\u0010U#\u0017tóMØy¦",
            "loginName": "0ÃVX~D\n#uã­Î\u000b>Þ$~\u0019;vi7ý"
        },
        {
            "loginPassword": "PWJfÍ\u0001uã+Dÿ@U\"^L\u0008Û",
            "loginName": "Ï3$^.}n¯"
        }
    ]
}