{
    "seed": 1981256103533824043,
    "samples": [
        {
            "question": "´vÄ Ð\u0018>yH§\n"
        },
        {
            "question": "kPø`ÝuP\\­\u001d{R\u000b°,hw._\u0008\u0018}ÍYÂ3î7l"
        },
        {
            "question": "d\u001bq|$^\u0008 tj2\u000er9#EdJ!\u0014$Éj"
        },
        {
            "question": "GHcI@\táIÃB\u0011C8ç\u0003#jlnf\t\u000b2?\u0015Ýro"
        },
        {
            "question": "Ñ\\n4j8E8%e"
        }
    ]
}