{
    "seed": -8166673793959710578,
    "samples": [
        {
            "questionVotes": [
                26,
                2,
                17,
                25,
                -1,
                27,
                10,
                -6,
                16,
                -14,
                -21,
                -10,
                23,
                0,
                -1,
                11,
                5,
                -28,
                21,
                -6,
                24,
                1,
                -17,
                13,
                -24
            ],
            "questionText": "!\nÈzìyCº>\u0002g_tv",
            "questionAnswered": true,
            "sessionId": 1,
            "questionId": 21
        },
        {
            "questionVotes": [
                6,
                1,
                28,
                24,
                14,
                26,
                17,
                -24,
                -19,
                -3,
                -11,
                -2,
                22,
                -15,
                6,
                -5,
                14,
                -17,
                29,
                -11,
                -3,
                -5,
                30,
                -10,
                -10,
                3,
                1,
                -30
            ],
            "questionText": "0ú\rH5k¥Da\u0004\u0016w9",
            "questionAnswered": true,
            "sessionId": 24,
            "questionId": 10
        },
        {
            "questionVotes": [
                -16,
                -18,
                20,
                21,
                0,
                -8,
                -20,
                -20,
                -27,
                22,
                6,
                -12,
                10,
                1,
                -24,
                13,
                8,
                15,
                10,
                29,
                23,
                14,
                -30,
                -9,
                21,
                -9,
                -17
            ],
            "questionText": "d~ûÀ¯\u000b\u001c",
            "questionAnswered": false,
            "sessionId": -4,
            "questionId": 20
        },
        {
            "questionVotes": [
                6,
                -8,
                20,
                -30,
                29,
                -11,
                18,
                25,
                7,
                -7,
                -7,
                7,
                21,
                -1,
                -17,
                -27,
                13,
                -25,
                21,
                -25,
                -30,
                1,
                7,
                9,
                -14,
                -9,
                22,
                -16,
                -1
            ],
            "questionText": "",
            "questionAnswered": true,
            "sessionId": -19,
            "questionId": -17
        },
        {
            "questionVotes": [
                -1,
                -27,
                -12,
                -30,
                28,
                -16,
                -28,
                -5,
                -27,
                -12,
                -24,
                16,
                -21,
                27,
                -29,
                11,
                17,
                -6,
                -26,
                -18,
                15,
                -2
            ],
            "questionText": "kx~¢73\t`ow\u001f#,$XæþüPjj(£",
            "questionAnswered": false,
            "sessionId": 19,
            "questionId": -24
        }
    ]
}