{
    "seed": -2578633418132734637,
    "samples": [
        {
            "questionerId": -9,
            "name": "¥Å@b\u0005\u0016Q\u001e\u000e78+ò'd4:\u001d",
            "sessionId": -21
        },
        {
            "questionerId": -13,
            "name": "q\u001fC&E",
            "sessionId": -13
        },
        {
            "questionerId": 29,
            "name": "),õ",
            "sessionId": -24
        },
        {
            "questionerId": -9,
            "name": "yu¾\u0015)Áp~I\u0012c/",
            "sessionId": 5
        },
        {
            "questionerId": 28,
            "name": "îâÂ\u0005\\¨](E\u0004~¿\u0017\u0015RP î\u001c",
            "sessionId": -22
        }
    ]
}