{
    "seed": -7093754063731437755,
    "samples": [
        {
            "locked": "Unlocked",
            "expiresAt": "1864-05-31T23:47:36.222942483043Z",
            "name": "±ûjm{4\u001eJ\u0019\u0001\u0015M#\u0017\u0017",
            "sessionId": 21
        },
        {
            "locked": "Locked",
            "expiresAt": "1864-04-19T17:49:41.134608132961Z",
            "name": "\u0018'_)\u00143fY&v@ÎlCÂQ®MZ~âlE",
            "sessionId": -21
        },
        {
            "locked": "Unlocked",
            "expiresAt": null,
            "name": "\u0004",
            "sessionId": 9
        },
        {
            "locked": "Unlocked",
            "expiresAt": "1864-05-20T17:21:14.294181992459Z",
            "name": "áhó\u001aekáí0{*w{T8¾",
            "sessionId": 4
        },
        {
            "locked": "Unlocked",
            "expiresAt": "1864-04-15T08:52:36.810560806767Z",
            "name": "\u0003<\u001e`$Dî\u001fIù%\u000fFÌ;c\u000cj\u001fH]\u0016V\u0019D*\u0008m",
            "sessionId": 3
        }
    ]
}