{
    "seed": -3669117223278888445,
    "samples": [
        {
            "questionerSessions": [
                -24,
                -30,
                0
            ],
            "answererSessions": [
                11,
                0,
                2,
                -24,
                7,
                -30,
                0,
                14,
                -3,
                -17,
                30,
                -12
            ],
            "userName": "T\nÑhWöOZ°\u000e\n\u0004¿\u000b\u000c!ÿà9\nXe\u0019",
            "userId": -2
        },
        {
            "questionerSessions": [
                -18,
                10,
                -15,
                9,
                27,
                -4,
                17,
                -3,
                17,
                -12,
                -4,
                -23,
                6,
                -14,
                -12,
                0,
                -4,
                -21,
                -22
            ],
            "answererSessions": [
                -10,
                -15,
                22,
                21,
                -28
            ],
            "userName": ":\u000eBs\tr\u0012Ô\u00111·\u000f5\u0010A&!\u001e~Ru",
            "userId": -12
        },
        {
            "questionerSessions": [
                11,
                -11,
                5,
                -12,
                -7,
                -14,
                12,
                17,
                2,
                -5,
                16,
                -9,
                -26,
                18,
                23,
                -1,
                12,
                22,
                -5,
                -8,
                14,
                30
            ],
            "answererSessions": [
                -30,
                -19,
                -4,
                13,
                30,
                17,
                22,
                -5,
                11,
                14,
                5,
                -6,
                -4,
                18,
                -18,
                -28,
                17,
                24,
                5
            ],
            "userName": "Lc\n-¯k",
            "userId": -13
        },
        {
            "questionerSessions": [
                -12,
                -21,
                25,
                -20,
                -1,
                27,
                -10,
                -10,
                4,
                15,
                15,
                5,
                12,
                -16,
                23,
                18,
                27,
                -7,
                24
            ],
            "answererSessions": [
                -28,
                -2,
                -9,
                12,
                19,
                -14,
                -10,
                13,
                -28
            ],
            "userName": "X L0dîÍ",
            "userId": 10
        },
        {
            "questionerSessions": [
                -22,
                30,
                -10,
                2,
                -14,
                3,
                3,
                -10,
                27,
                29,
                -26,
                11,
                -26,
                17,
                -27,
                25
            ],
            "answererSessions": [
                -12,
                22,
                5,
                -17,
                29,
                7,
                20,
                26,
                -15,
                -2,
                -4,
                -17,
                22,
                23
            ],
            "userName": "!%#Ï/gW\u0019çP,\u0007d*",
            "userId": -24
        }
    ]
}