{
    "seed": 4660503813101261561,
    "samples": [
        {
            "userPassword": "qs\u0005",
            "userName": "\u001c\u001f¶Öp·\u001fifm]"
        },
        {
            "userPassword": "'P3",
            "userName": "\"ÚÔÅ\\eÀ:0Î£E^\u0007v"
        },
        {
            "userPassword": "c\u0004fT>i7;C+M1¿xj]\u001c$'½G\u00198\u001d?",
            "userName": "È1AtyÏ\u0000Rö"
        },
        {
            "userPassword": "4>\u0014\u0001o\u0014ö\u0003%_ZG8\t",
            "userName": "|\u0008v8N\u0006\u000bGäj=id\u0003dù\u001f\u0002\u0016H%HÄÝ"
        },
        {
            "userPassword": "?<&Ek\u0006|U6AÎ&\u0001è\u0012!|",
            "userName": ""
        }
    ]
}